// Jest Snapshot v1, https://goo.gl/fbAQLP

exports[`Renders HomePage UI as expected 1`] = `
<section
  className="HomePage"
>
  <div
    className="Page__left sec"
  >
    <p>
      Poo'd is created to inspire and unite a world of doo-ers like you. Let's start logging now!
    </p>
    <img
      alt="friends high fiving"
      className="vision"
      src="Dooers.svg"
    />
  </div>
  <div
    className="Page__right sec"
    id=""
  >
    <div
      className="LoginForm__logoBox"
    >
      <img
        alt="logo"
        className="LoginForm__logo"
        src="Pood.svg"
      />
    </div>
    <form
      className="LoginForm"
      onSubmit={[Function]}
    >
      <div
        className="formBox"
      >
        <h2>
          Login
        </h2>
        <div
          role="alert"
        />
        <div
          className="inputBox"
        >
          <label
            aria-label="username"
            htmlFor="username"
          >
            <svg
              aria-hidden="true"
              className="svg-inline--fa fa-user fa-w-14 "
              data-icon="user"
              data-prefix="fas"
              focusable="false"
              role="img"
              style={Object {}}
              viewBox="0 0 448 512"
              xmlns="http://www.w3.org/2000/svg"
            >
              <path
                d="M224 256c70.7 0 128-57.3 128-128S294.7 0 224 0 96 57.3 96 128s57.3 128 128 128zm89.6 32h-16.7c-22.2 10.2-46.9 16-72.9 16s-50.6-5.8-72.9-16h-16.7C60.2 288 0 348.2 0 422.4V464c0 26.5 21.5 48 48 48h352c26.5 0 48-21.5 48-48v-41.6c0-74.2-60.2-134.4-134.4-134.4z"
                fill="currentColor"
                style={Object {}}
              />
            </svg>
          </label>
          <input
            className="input username publicPlaceholder"
            id="username"
            placeholder="Username"
          />
        </div>
        <div
          className="inputBox"
        >
          <label
            aria-label="password"
            htmlFor="password"
          >
            <svg
              aria-hidden="true"
              className="svg-inline--fa fa-lock fa-w-14 "
              data-icon="lock"
              data-prefix="fas"
              focusable="false"
              role="img"
              style={Object {}}
              viewBox="0 0 448 512"
              xmlns="http://www.w3.org/2000/svg"
            >
              <path
                d="M400 224h-24v-72C376 68.2 307.8 0 224 0S72 68.2 72 152v72H48c-26.5 0-48 21.5-48 48v192c0 26.5 21.5 48 48 48h352c26.5 0 48-21.5 48-48V272c0-26.5-21.5-48-48-48zm-104 0H152v-72c0-39.7 32.3-72 72-72s72 32.3 72 72v72z"
                fill="currentColor"
                style={Object {}}
              />
            </svg>
          </label>
          <input
            className="input password publicPlaceholder"
            id="password"
            placeholder="Password"
            type="password"
          />
        </div>
        <button
          className="button "
          type="submit"
        >
          Sign in
        </button>
        <button
          className="button "
          onClick={[Function]}
          type="button"
        >
          Register
        </button>
      </div>
    </form>
  </div>
</section>
`;
